<rootTag>
    <tag1 value="1">
        <tag2 value="1">
            <tag3>1</tag3>
            <tag3>3</tag3>
            <tag3>5</tag3>
        </tag2>
        <tag2 value="3">
            <tag3>1</tag3>
        </tag2>
    </tag1>
    <tag7 value="1">
        <tag8>1</tag8>
        <tag8>3</tag8>
        <tag8>5</tag8>
    </tag7>
    <tag10 value="1"/>
</rootTag>